// Jest Snapshot v1, https://goo.gl/fbAQLP

exports[`should render header correctly 1`] = `
<header>
  <h1>
    EXTENSIFY
  </h1>
  <NavLink
    activeClassName="is-active"
    exact={true}
    to="/"
  >
    Dashboard
  </NavLink>
  <NavLink
    activeClassName="is-active"
    to="/create"
  >
    CreateExpense
  </NavLink>
  <NavLink
    activeClassName="is-active"
    to="/edit"
  >
    EditExpense
  </NavLink>
</header>
`;
